17:06:54 **** Incremental Build of configuration Debug for project custom-axi-periph-sw ****
make all 
make --no-print-directory pre-build
a9-linaro-pre-build-step
 
make --no-print-directory main-build
Building file: ../src/helloworld.c
Invoking: ARM v7 gcc compiler
arm-none-eabi-gcc -Wall -O0 -g3 -c -fmessage-length=0 -MT"src/helloworld.o" -mcpu=cortex-a9 -mfpu=vfpv3 -mfloat-abi=hard -I/home/mg/Documents/my-projects/Embedded-System-Design-with-Xilinx-Zynq-SoC-and-Vitis-IDE/custom-axi-ip/software-2/custom-axi-periph/export/custom-axi-periph/sw/custom-axi-periph/standalone_domain/bspinclude/include -MMD -MP -MF"src/helloworld.d" -MT"src/helloworld.o" -o "src/helloworld.o" "../src/helloworld.c"
Finished building: ../src/helloworld.c
 
Building target: custom-axi-periph-sw.elf
Invoking: ARM v7 gcc linker
arm-none-eabi-gcc -mcpu=cortex-a9 -mfpu=vfpv3 -mfloat-abi=hard -Wl,-build-id=none -specs=Xilinx.spec -Wl,-T -Wl,../src/lscript.ld -L/home/mg/Documents/my-projects/Embedded-System-Design-with-Xilinx-Zynq-SoC-and-Vitis-IDE/custom-axi-ip/software-2/custom-axi-periph/export/custom-axi-periph/sw/custom-axi-periph/standalone_domain/bsplib/lib -o "custom-axi-periph-sw.elf" ./src/helloworld.o ./src/platform.o   -Wl,--start-group,-lxil,-lgcc,-lc,--end-group
Finished building target: custom-axi-periph-sw.elf
 
Invoking: ARM v7 Print Size
arm-none-eabi-size custom-axi-periph-sw.elf  |tee "custom-axi-periph-sw.elf.size"
   text	   data	    bss	    dec	    hex	filename
  22277	   1144	  22568	  45989	   b3a5	custom-axi-periph-sw.elf
Finished building: custom-axi-periph-sw.elf.size
 

17:06:54 Build Finished (took 378ms)

